Analysis & Synthesis report for MipsMult
Tue Jun 23 19:16:51 2015
Quartus II 64-Bit Version 15.0.0 Build 145 04/22/2015 SJ Web Edition


---------------------
; Table of Contents ;
---------------------
  1. Legal Notice
  2. Analysis & Synthesis Summary
  3. Analysis & Synthesis Settings
  4. Parallel Compilation
  5. Analysis & Synthesis Source Files Read
  6. Analysis & Synthesis Resource Usage Summary
  7. Analysis & Synthesis Resource Utilization by Entity
  8. Registers Removed During Synthesis
  9. General Register Statistics
 10. Source assignments for BO:Bop|memory_BRAM:Memoria|altsyncram:altsyncram_component|altsyncram_0rj1:auto_generated
 11. Parameter Settings for User Entity Instance: BO:Bop|register_n_bits:PC
 12. Parameter Settings for User Entity Instance: BO:Bop|mux2x1nbits:MuxMem
 13. Parameter Settings for User Entity Instance: BO:Bop|memory_BRAM:Memoria|altsyncram:altsyncram_component
 14. Parameter Settings for User Entity Instance: BO:Bop|register_n_bits:RegInst
 15. Parameter Settings for User Entity Instance: BO:Bop|register_n_bits:RegDados
 16. Parameter Settings for User Entity Instance: BO:Bop|mux2x1nbits:MuxRegEsc
 17. Parameter Settings for User Entity Instance: BO:Bop|mux2x1nbits:MuxDadoEsc
 18. altsyncram Parameter Settings by Entity Instance
 19. Port Connectivity Checks: "BO:Bop|mux2x1nbits:MuxDadoEsc"
 20. Port Connectivity Checks: "BO:Bop|mux2x1nbits:MuxRegEsc"
 21. Port Connectivity Checks: "BO:Bop|register_n_bits:RegDados"
 22. Port Connectivity Checks: "BO:Bop|register_n_bits:RegInst"
 23. Port Connectivity Checks: "BO:Bop|mux2x1nbits:MuxMem"
 24. Port Connectivity Checks: "BO:Bop"
 25. Post-Synthesis Netlist Statistics for Top Partition
 26. Elapsed Time Per Partition
 27. Analysis & Synthesis Messages



----------------
; Legal Notice ;
----------------
Copyright (C) 1991-2015 Altera Corporation. All rights reserved.
Your use of Altera Corporation's design tools, logic functions 
and other software and tools, and its AMPP partner logic 
functions, and any output files from any of the foregoing 
(including device programming or simulation files), and any 
associated documentation or information are expressly subject 
to the terms and conditions of the Altera Program License 
Subscription Agreement, the Altera Quartus II License Agreement,
the Altera MegaCore Function License Agreement, or other 
applicable license agreement, including, without limitation, 
that your use is for the sole purpose of programming logic 
devices manufactured by Altera and sold by Altera or its 
authorized distributors.  Please refer to the applicable 
agreement for further details.



+------------------------------------------------------------------------------+
; Analysis & Synthesis Summary                                                 ;
+---------------------------------+--------------------------------------------+
; Analysis & Synthesis Status     ; Successful - Tue Jun 23 19:16:51 2015      ;
; Quartus II 64-Bit Version       ; 15.0.0 Build 145 04/22/2015 SJ Web Edition ;
; Revision Name                   ; MipsMult                                   ;
; Top-level Entity Name           ; MipsMult                                   ;
; Family                          ; Cyclone V                                  ;
; Logic utilization (in ALMs)     ; N/A                                        ;
; Total registers                 ; 0                                          ;
; Total pins                      ; 2                                          ;
; Total virtual pins              ; 0                                          ;
; Total block memory bits         ; 0                                          ;
; Total DSP Blocks                ; 0                                          ;
; Total HSSI RX PCSs              ; 0                                          ;
; Total HSSI PMA RX Deserializers ; 0                                          ;
; Total HSSI TX PCSs              ; 0                                          ;
; Total HSSI PMA TX Serializers   ; 0                                          ;
; Total PLLs                      ; 0                                          ;
; Total DLLs                      ; 0                                          ;
+---------------------------------+--------------------------------------------+


+---------------------------------------------------------------------------------------------------------------------------+
; Analysis & Synthesis Settings                                                                                             ;
+---------------------------------------------------------------------------------+--------------------+--------------------+
; Option                                                                          ; Setting            ; Default Value      ;
+---------------------------------------------------------------------------------+--------------------+--------------------+
; Device                                                                          ; 5CGXFC7C7F23C8     ;                    ;
; Top-level entity name                                                           ; MipsMult           ; MipsMult           ;
; Family name                                                                     ; Cyclone V          ; Cyclone V          ;
; Use smart compilation                                                           ; Off                ; Off                ;
; Enable parallel Assembler and TimeQuest Timing Analyzer during compilation      ; On                 ; On                 ;
; Enable compact report table                                                     ; Off                ; Off                ;
; Restructure Multiplexers                                                        ; Auto               ; Auto               ;
; MLAB Add Timing Constraints For Mixed-Port Feed-Through Mode Setting Don't Care ; Off                ; Off                ;
; Create Debugging Nodes for IP Cores                                             ; Off                ; Off                ;
; Preserve fewer node names                                                       ; On                 ; On                 ;
; Disable OpenCore Plus hardware evaluation                                       ; Off                ; Off                ;
; Verilog Version                                                                 ; Verilog_2001       ; Verilog_2001       ;
; VHDL Version                                                                    ; VHDL_1993          ; VHDL_1993          ;
; State Machine Processing                                                        ; Auto               ; Auto               ;
; Safe State Machine                                                              ; Off                ; Off                ;
; Extract Verilog State Machines                                                  ; On                 ; On                 ;
; Extract VHDL State Machines                                                     ; On                 ; On                 ;
; Ignore Verilog initial constructs                                               ; Off                ; Off                ;
; Iteration limit for constant Verilog loops                                      ; 5000               ; 5000               ;
; Iteration limit for non-constant Verilog loops                                  ; 250                ; 250                ;
; Add Pass-Through Logic to Inferred RAMs                                         ; On                 ; On                 ;
; Infer RAMs from Raw Logic                                                       ; On                 ; On                 ;
; Parallel Synthesis                                                              ; On                 ; On                 ;
; DSP Block Balancing                                                             ; Auto               ; Auto               ;
; NOT Gate Push-Back                                                              ; On                 ; On                 ;
; Power-Up Don't Care                                                             ; On                 ; On                 ;
; Remove Redundant Logic Cells                                                    ; Off                ; Off                ;
; Remove Duplicate Registers                                                      ; On                 ; On                 ;
; Ignore CARRY Buffers                                                            ; Off                ; Off                ;
; Ignore CASCADE Buffers                                                          ; Off                ; Off                ;
; Ignore GLOBAL Buffers                                                           ; Off                ; Off                ;
; Ignore ROW GLOBAL Buffers                                                       ; Off                ; Off                ;
; Ignore LCELL Buffers                                                            ; Off                ; Off                ;
; Ignore SOFT Buffers                                                             ; On                 ; On                 ;
; Limit AHDL Integers to 32 Bits                                                  ; Off                ; Off                ;
; Optimization Technique                                                          ; Balanced           ; Balanced           ;
; Carry Chain Length                                                              ; 70                 ; 70                 ;
; Auto Carry Chains                                                               ; On                 ; On                 ;
; Auto Open-Drain Pins                                                            ; On                 ; On                 ;
; Perform WYSIWYG Primitive Resynthesis                                           ; Off                ; Off                ;
; Auto ROM Replacement                                                            ; On                 ; On                 ;
; Auto RAM Replacement                                                            ; On                 ; On                 ;
; Auto DSP Block Replacement                                                      ; On                 ; On                 ;
; Auto Shift Register Replacement                                                 ; Auto               ; Auto               ;
; Allow Shift Register Merging across Hierarchies                                 ; Auto               ; Auto               ;
; Auto Clock Enable Replacement                                                   ; On                 ; On                 ;
; Strict RAM Replacement                                                          ; Off                ; Off                ;
; Allow Synchronous Control Signals                                               ; On                 ; On                 ;
; Force Use of Synchronous Clear Signals                                          ; Off                ; Off                ;
; Auto Resource Sharing                                                           ; Off                ; Off                ;
; Allow Any RAM Size For Recognition                                              ; Off                ; Off                ;
; Allow Any ROM Size For Recognition                                              ; Off                ; Off                ;
; Allow Any Shift Register Size For Recognition                                   ; Off                ; Off                ;
; Use LogicLock Constraints during Resource Balancing                             ; On                 ; On                 ;
; Ignore translate_off and synthesis_off directives                               ; Off                ; Off                ;
; Timing-Driven Synthesis                                                         ; On                 ; On                 ;
; Report Parameter Settings                                                       ; On                 ; On                 ;
; Report Source Assignments                                                       ; On                 ; On                 ;
; Report Connectivity Checks                                                      ; On                 ; On                 ;
; Ignore Maximum Fan-Out Assignments                                              ; Off                ; Off                ;
; Synchronization Register Chain Length                                           ; 3                  ; 3                  ;
; PowerPlay Power Optimization During Synthesis                                   ; Normal compilation ; Normal compilation ;
; HDL message level                                                               ; Level2             ; Level2             ;
; Suppress Register Optimization Related Messages                                 ; Off                ; Off                ;
; Number of Removed Registers Reported in Synthesis Report                        ; 5000               ; 5000               ;
; Number of Swept Nodes Reported in Synthesis Report                              ; 5000               ; 5000               ;
; Number of Inverted Registers Reported in Synthesis Report                       ; 100                ; 100                ;
; Clock MUX Protection                                                            ; On                 ; On                 ;
; Auto Gated Clock Conversion                                                     ; Off                ; Off                ;
; Block Design Naming                                                             ; Auto               ; Auto               ;
; SDC constraint protection                                                       ; Off                ; Off                ;
; Synthesis Effort                                                                ; Auto               ; Auto               ;
; Shift Register Replacement - Allow Asynchronous Clear Signal                    ; On                 ; On                 ;
; Pre-Mapping Resynthesis Optimization                                            ; Off                ; Off                ;
; Analysis & Synthesis Message Level                                              ; Medium             ; Medium             ;
; Disable Register Merging Across Hierarchies                                     ; Auto               ; Auto               ;
; Resource Aware Inference For Block RAM                                          ; On                 ; On                 ;
; Synthesis Seed                                                                  ; 1                  ; 1                  ;
; Automatic Parallel Synthesis                                                    ; On                 ; On                 ;
; Partial Reconfiguration Bitstream ID                                            ; Off                ; Off                ;
+---------------------------------------------------------------------------------+--------------------+--------------------+


Parallel compilation was disabled, but you have multiple processors available. Enable parallel compilation to reduce compilation time.
+-------------------------------------+
; Parallel Compilation                ;
+----------------------------+--------+
; Processors                 ; Number ;
+----------------------------+--------+
; Number detected on machine ; 2      ;
; Maximum allowed            ; 1      ;
+----------------------------+--------+


+--------------------------------------------------------------------------------------------------------------------------------------------------------------------------------------+
; Analysis & Synthesis Source Files Read                                                                                                                                               ;
+----------------------------------+-----------------+----------------------------------------+------------------------------------------------------------------------------+---------+
; File Name with User-Entered Path ; Used in Netlist ; File Type                              ; File Name with Absolute Path                                                 ; Library ;
+----------------------------------+-----------------+----------------------------------------+------------------------------------------------------------------------------+---------+
; BO.vhd                           ; yes             ; User VHDL File                         ; /home/jake/Mips32/multi/BO.vhd                                               ;         ;
; register_n_bits.vhd              ; yes             ; User VHDL File                         ; /home/jake/Mips32/multi/register_n_bits.vhd                                  ;         ;
; mux2x1nbits.vhd                  ; yes             ; User VHDL File                         ; /home/jake/Mips32/multi/mux2x1nbits.vhd                                      ;         ;
; MipsMult.vhd                     ; yes             ; User VHDL File                         ; /home/jake/Mips32/multi/MipsMult.vhd                                         ;         ;
; memory_BRAM.vhd                  ; yes             ; User Wizard-Generated File             ; /home/jake/Mips32/multi/memory_BRAM.vhd                                      ;         ;
; altsyncram.tdf                   ; yes             ; Megafunction                           ; /home/jake/altera/15.0/quartus/libraries/megafunctions/altsyncram.tdf        ;         ;
; stratix_ram_block.inc            ; yes             ; Megafunction                           ; /home/jake/altera/15.0/quartus/libraries/megafunctions/stratix_ram_block.inc ;         ;
; lpm_mux.inc                      ; yes             ; Megafunction                           ; /home/jake/altera/15.0/quartus/libraries/megafunctions/lpm_mux.inc           ;         ;
; lpm_decode.inc                   ; yes             ; Megafunction                           ; /home/jake/altera/15.0/quartus/libraries/megafunctions/lpm_decode.inc        ;         ;
; aglobal150.inc                   ; yes             ; Megafunction                           ; /home/jake/altera/15.0/quartus/libraries/megafunctions/aglobal150.inc        ;         ;
; a_rdenreg.inc                    ; yes             ; Megafunction                           ; /home/jake/altera/15.0/quartus/libraries/megafunctions/a_rdenreg.inc         ;         ;
; altrom.inc                       ; yes             ; Megafunction                           ; /home/jake/altera/15.0/quartus/libraries/megafunctions/altrom.inc            ;         ;
; altram.inc                       ; yes             ; Megafunction                           ; /home/jake/altera/15.0/quartus/libraries/megafunctions/altram.inc            ;         ;
; altdpram.inc                     ; yes             ; Megafunction                           ; /home/jake/altera/15.0/quartus/libraries/megafunctions/altdpram.inc          ;         ;
; db/altsyncram_0rj1.tdf           ; yes             ; Auto-Generated Megafunction            ; /home/jake/Mips32/multi/db/altsyncram_0rj1.tdf                               ;         ;
; memory_BRAM.hex                  ; yes             ; Auto-Found Memory Initialization File  ; /home/jake/Mips32/multi/memory_BRAM.hex                                      ;         ;
+----------------------------------+-----------------+----------------------------------------+------------------------------------------------------------------------------+---------+


+-----------------------------------------------------+
; Analysis & Synthesis Resource Usage Summary         ;
+---------------------------------------------+-------+
; Resource                                    ; Usage ;
+---------------------------------------------+-------+
; Estimate of Logic utilization (ALMs needed) ; 0     ;
;                                             ;       ;
; Combinational ALUT usage for logic          ; 0     ;
;     -- 7 input functions                    ; 0     ;
;     -- 6 input functions                    ; 0     ;
;     -- 5 input functions                    ; 0     ;
;     -- 4 input functions                    ; 0     ;
;     -- <=3 input functions                  ; 0     ;
;                                             ;       ;
; Dedicated logic registers                   ; 0     ;
;                                             ;       ;
; I/O pins                                    ; 2     ;
;                                             ;       ;
; Total DSP Blocks                            ; 0     ;
;                                             ;       ;
; Maximum fan-out node                        ; clock ;
; Maximum fan-out                             ; 1     ;
; Total fan-out                               ; 2     ;
; Average fan-out                             ; 0.50  ;
+---------------------------------------------+-------+


+-----------------------------------------------------------------------------------------------------------------------------------------------------------+
; Analysis & Synthesis Resource Utilization by Entity                                                                                                       ;
+----------------------------+-------------------+--------------+-------------------+------------+------+--------------+---------------------+--------------+
; Compilation Hierarchy Node ; LC Combinationals ; LC Registers ; Block Memory Bits ; DSP Blocks ; Pins ; Virtual Pins ; Full Hierarchy Name ; Library Name ;
+----------------------------+-------------------+--------------+-------------------+------------+------+--------------+---------------------+--------------+
; |MipsMult                  ; 0 (0)             ; 0 (0)        ; 0                 ; 0          ; 2    ; 0            ; |MipsMult           ; work         ;
+----------------------------+-------------------+--------------+-------------------+------------+------+--------------+---------------------+--------------+
Note: For table entries with two numbers listed, the numbers in parentheses indicate the number of resources of the given type used by the specific entity alone. The numbers listed outside of parentheses indicate the total resources of the given type used by the specific entity and all of its sub-entities in the hierarchy.


+------------------------------------------------------------+
; Registers Removed During Synthesis                         ;
+---------------------------------------+--------------------+
; Register name                         ; Reason for Removal ;
+---------------------------------------+--------------------+
; BO:Bop|register_n_bits:PC|state[0..7] ; Lost fanout        ;
; Total Number of Removed Registers = 8 ;                    ;
+---------------------------------------+--------------------+


+------------------------------------------------------+
; General Register Statistics                          ;
+----------------------------------------------+-------+
; Statistic                                    ; Value ;
+----------------------------------------------+-------+
; Total registers                              ; 0     ;
; Number of registers using Synchronous Clear  ; 0     ;
; Number of registers using Synchronous Load   ; 0     ;
; Number of registers using Asynchronous Clear ; 0     ;
; Number of registers using Asynchronous Load  ; 0     ;
; Number of registers using Clock Enable       ; 0     ;
; Number of registers using Preset             ; 0     ;
+----------------------------------------------+-------+


+------------------------------------------------------------------------------------------------------------------+
; Source assignments for BO:Bop|memory_BRAM:Memoria|altsyncram:altsyncram_component|altsyncram_0rj1:auto_generated ;
+---------------------------------+--------------------+------+----------------------------------------------------+
; Assignment                      ; Value              ; From ; To                                                 ;
+---------------------------------+--------------------+------+----------------------------------------------------+
; OPTIMIZE_POWER_DURING_SYNTHESIS ; NORMAL_COMPILATION ; -    ; -                                                  ;
+---------------------------------+--------------------+------+----------------------------------------------------+


+------------------------------------------------------------------------+
; Parameter Settings for User Entity Instance: BO:Bop|register_n_bits:PC ;
+----------------+-------+-----------------------------------------------+
; Parameter Name ; Value ; Type                                          ;
+----------------+-------+-----------------------------------------------+
; width          ; 32    ; Signed Integer                                ;
+----------------+-------+-----------------------------------------------+
Note: In order to hide this table in the UI and the text report file, please set the "Show Parameter Settings in Synthesis Report" option in "Analysis and Synthesis Settings -> More Settings" to "Off".


+------------------------------------------------------------------------+
; Parameter Settings for User Entity Instance: BO:Bop|mux2x1nbits:MuxMem ;
+----------------+-------+-----------------------------------------------+
; Parameter Name ; Value ; Type                                          ;
+----------------+-------+-----------------------------------------------+
; width          ; 32    ; Signed Integer                                ;
+----------------+-------+-----------------------------------------------+
Note: In order to hide this table in the UI and the text report file, please set the "Show Parameter Settings in Synthesis Report" option in "Analysis and Synthesis Settings -> More Settings" to "Off".


+---------------------------------------------------------------------------------------------------------+
; Parameter Settings for User Entity Instance: BO:Bop|memory_BRAM:Memoria|altsyncram:altsyncram_component ;
+------------------------------------+----------------------+---------------------------------------------+
; Parameter Name                     ; Value                ; Type                                        ;
+------------------------------------+----------------------+---------------------------------------------+
; BYTE_SIZE_BLOCK                    ; 8                    ; Untyped                                     ;
; AUTO_CARRY_CHAINS                  ; ON                   ; AUTO_CARRY                                  ;
; IGNORE_CARRY_BUFFERS               ; OFF                  ; IGNORE_CARRY                                ;
; AUTO_CASCADE_CHAINS                ; ON                   ; AUTO_CASCADE                                ;
; IGNORE_CASCADE_BUFFERS             ; OFF                  ; IGNORE_CASCADE                              ;
; WIDTH_BYTEENA                      ; 1                    ; Untyped                                     ;
; OPERATION_MODE                     ; SINGLE_PORT          ; Untyped                                     ;
; WIDTH_A                            ; 32                   ; Signed Integer                              ;
; WIDTHAD_A                          ; 8                    ; Signed Integer                              ;
; NUMWORDS_A                         ; 256                  ; Signed Integer                              ;
; OUTDATA_REG_A                      ; UNREGISTERED         ; Untyped                                     ;
; ADDRESS_ACLR_A                     ; NONE                 ; Untyped                                     ;
; OUTDATA_ACLR_A                     ; NONE                 ; Untyped                                     ;
; WRCONTROL_ACLR_A                   ; NONE                 ; Untyped                                     ;
; INDATA_ACLR_A                      ; NONE                 ; Untyped                                     ;
; BYTEENA_ACLR_A                     ; NONE                 ; Untyped                                     ;
; WIDTH_B                            ; 1                    ; Untyped                                     ;
; WIDTHAD_B                          ; 1                    ; Untyped                                     ;
; NUMWORDS_B                         ; 1                    ; Untyped                                     ;
; INDATA_REG_B                       ; CLOCK1               ; Untyped                                     ;
; WRCONTROL_WRADDRESS_REG_B          ; CLOCK1               ; Untyped                                     ;
; RDCONTROL_REG_B                    ; CLOCK1               ; Untyped                                     ;
; ADDRESS_REG_B                      ; CLOCK1               ; Untyped                                     ;
; OUTDATA_REG_B                      ; UNREGISTERED         ; Untyped                                     ;
; BYTEENA_REG_B                      ; CLOCK1               ; Untyped                                     ;
; INDATA_ACLR_B                      ; NONE                 ; Untyped                                     ;
; WRCONTROL_ACLR_B                   ; NONE                 ; Untyped                                     ;
; ADDRESS_ACLR_B                     ; NONE                 ; Untyped                                     ;
; OUTDATA_ACLR_B                     ; NONE                 ; Untyped                                     ;
; RDCONTROL_ACLR_B                   ; NONE                 ; Untyped                                     ;
; BYTEENA_ACLR_B                     ; NONE                 ; Untyped                                     ;
; WIDTH_BYTEENA_A                    ; 1                    ; Signed Integer                              ;
; WIDTH_BYTEENA_B                    ; 1                    ; Untyped                                     ;
; RAM_BLOCK_TYPE                     ; AUTO                 ; Untyped                                     ;
; BYTE_SIZE                          ; 8                    ; Untyped                                     ;
; READ_DURING_WRITE_MODE_MIXED_PORTS ; DONT_CARE            ; Untyped                                     ;
; READ_DURING_WRITE_MODE_PORT_A      ; NEW_DATA_NO_NBE_READ ; Untyped                                     ;
; READ_DURING_WRITE_MODE_PORT_B      ; NEW_DATA_NO_NBE_READ ; Untyped                                     ;
; INIT_FILE                          ; memory_BRAM.hex      ; Untyped                                     ;
; INIT_FILE_LAYOUT                   ; PORT_A               ; Untyped                                     ;
; MAXIMUM_DEPTH                      ; 0                    ; Untyped                                     ;
; CLOCK_ENABLE_INPUT_A               ; BYPASS               ; Untyped                                     ;
; CLOCK_ENABLE_INPUT_B               ; NORMAL               ; Untyped                                     ;
; CLOCK_ENABLE_OUTPUT_A              ; BYPASS               ; Untyped                                     ;
; CLOCK_ENABLE_OUTPUT_B              ; NORMAL               ; Untyped                                     ;
; CLOCK_ENABLE_CORE_A                ; USE_INPUT_CLKEN      ; Untyped                                     ;
; CLOCK_ENABLE_CORE_B                ; USE_INPUT_CLKEN      ; Untyped                                     ;
; ENABLE_ECC                         ; FALSE                ; Untyped                                     ;
; ECC_PIPELINE_STAGE_ENABLED         ; FALSE                ; Untyped                                     ;
; WIDTH_ECCSTATUS                    ; 3                    ; Untyped                                     ;
; DEVICE_FAMILY                      ; Cyclone V            ; Untyped                                     ;
; CBXI_PARAMETER                     ; altsyncram_0rj1      ; Untyped                                     ;
+------------------------------------+----------------------+---------------------------------------------+
Note: In order to hide this table in the UI and the text report file, please set the "Show Parameter Settings in Synthesis Report" option in "Analysis and Synthesis Settings -> More Settings" to "Off".


+-----------------------------------------------------------------------------+
; Parameter Settings for User Entity Instance: BO:Bop|register_n_bits:RegInst ;
+----------------+-------+----------------------------------------------------+
; Parameter Name ; Value ; Type                                               ;
+----------------+-------+----------------------------------------------------+
; width          ; 32    ; Signed Integer                                     ;
+----------------+-------+----------------------------------------------------+
Note: In order to hide this table in the UI and the text report file, please set the "Show Parameter Settings in Synthesis Report" option in "Analysis and Synthesis Settings -> More Settings" to "Off".


+------------------------------------------------------------------------------+
; Parameter Settings for User Entity Instance: BO:Bop|register_n_bits:RegDados ;
+----------------+-------+-----------------------------------------------------+
; Parameter Name ; Value ; Type                                                ;
+----------------+-------+-----------------------------------------------------+
; width          ; 32    ; Signed Integer                                      ;
+----------------+-------+-----------------------------------------------------+
Note: In order to hide this table in the UI and the text report file, please set the "Show Parameter Settings in Synthesis Report" option in "Analysis and Synthesis Settings -> More Settings" to "Off".


+---------------------------------------------------------------------------+
; Parameter Settings for User Entity Instance: BO:Bop|mux2x1nbits:MuxRegEsc ;
+----------------+-------+--------------------------------------------------+
; Parameter Name ; Value ; Type                                             ;
+----------------+-------+--------------------------------------------------+
; width          ; 5     ; Signed Integer                                   ;
+----------------+-------+--------------------------------------------------+
Note: In order to hide this table in the UI and the text report file, please set the "Show Parameter Settings in Synthesis Report" option in "Analysis and Synthesis Settings -> More Settings" to "Off".


+----------------------------------------------------------------------------+
; Parameter Settings for User Entity Instance: BO:Bop|mux2x1nbits:MuxDadoEsc ;
+----------------+-------+---------------------------------------------------+
; Parameter Name ; Value ; Type                                              ;
+----------------+-------+---------------------------------------------------+
; width          ; 32    ; Signed Integer                                    ;
+----------------+-------+---------------------------------------------------+
Note: In order to hide this table in the UI and the text report file, please set the "Show Parameter Settings in Synthesis Report" option in "Analysis and Synthesis Settings -> More Settings" to "Off".


+--------------------------------------------------------------------------------------------------------+
; altsyncram Parameter Settings by Entity Instance                                                       ;
+-------------------------------------------+------------------------------------------------------------+
; Name                                      ; Value                                                      ;
+-------------------------------------------+------------------------------------------------------------+
; Number of entity instances                ; 1                                                          ;
; Entity Instance                           ; BO:Bop|memory_BRAM:Memoria|altsyncram:altsyncram_component ;
;     -- OPERATION_MODE                     ; SINGLE_PORT                                                ;
;     -- WIDTH_A                            ; 32                                                         ;
;     -- NUMWORDS_A                         ; 256                                                        ;
;     -- OUTDATA_REG_A                      ; UNREGISTERED                                               ;
;     -- WIDTH_B                            ; 1                                                          ;
;     -- NUMWORDS_B                         ; 1                                                          ;
;     -- ADDRESS_REG_B                      ; CLOCK1                                                     ;
;     -- OUTDATA_REG_B                      ; UNREGISTERED                                               ;
;     -- RAM_BLOCK_TYPE                     ; AUTO                                                       ;
;     -- READ_DURING_WRITE_MODE_MIXED_PORTS ; DONT_CARE                                                  ;
+-------------------------------------------+------------------------------------------------------------+


+----------------------------------------------------------------------------------------------------------------+
; Port Connectivity Checks: "BO:Bop|mux2x1nbits:MuxDadoEsc"                                                      ;
+------+--------+----------+-------------------------------------------------------------------------------------+
; Port ; Type   ; Severity ; Details                                                                             ;
+------+--------+----------+-------------------------------------------------------------------------------------+
; outp ; Output ; Info     ; Connected to dangling logic. Logic that only feeds a dangling port will be removed. ;
+------+--------+----------+-------------------------------------------------------------------------------------+


+----------------------------------------------------------------------------------------------------------------+
; Port Connectivity Checks: "BO:Bop|mux2x1nbits:MuxRegEsc"                                                       ;
+------+--------+----------+-------------------------------------------------------------------------------------+
; Port ; Type   ; Severity ; Details                                                                             ;
+------+--------+----------+-------------------------------------------------------------------------------------+
; outp ; Output ; Info     ; Connected to dangling logic. Logic that only feeds a dangling port will be removed. ;
+------+--------+----------+-------------------------------------------------------------------------------------+


+-------------------------------------------------------------+
; Port Connectivity Checks: "BO:Bop|register_n_bits:RegDados" ;
+----------+-------+----------+-------------------------------+
; Port     ; Type  ; Severity ; Details                       ;
+----------+-------+----------+-------------------------------+
; writereg ; Input ; Info     ; Stuck at VCC                  ;
+----------+-------+----------+-------------------------------+


+---------------------------------------------------------------------------------------------------------------------+
; Port Connectivity Checks: "BO:Bop|register_n_bits:RegInst"                                                          ;
+-----------+--------+----------+-------------------------------------------------------------------------------------+
; Port      ; Type   ; Severity ; Details                                                                             ;
+-----------+--------+----------+-------------------------------------------------------------------------------------+
; q[31..21] ; Output ; Info     ; Connected to dangling logic. Logic that only feeds a dangling port will be removed. ;
; q[10..0]  ; Output ; Info     ; Connected to dangling logic. Logic that only feeds a dangling port will be removed. ;
+-----------+--------+----------+-------------------------------------------------------------------------------------+


+-----------------------------------------------------------------------------------------------------------------------+
; Port Connectivity Checks: "BO:Bop|mux2x1nbits:MuxMem"                                                                 ;
+-------------+--------+----------+-------------------------------------------------------------------------------------+
; Port        ; Type   ; Severity ; Details                                                                             ;
+-------------+--------+----------+-------------------------------------------------------------------------------------+
; outp[31..8] ; Output ; Info     ; Connected to dangling logic. Logic that only feeds a dangling port will be removed. ;
+-------------+--------+----------+-------------------------------------------------------------------------------------+


+------------------------------------------------------------------------------------------------------------------+
; Port Connectivity Checks: "BO:Bop"                                                                               ;
+--------+--------+----------+-------------------------------------------------------------------------------------+
; Port   ; Type   ; Severity ; Details                                                                             ;
+--------+--------+----------+-------------------------------------------------------------------------------------+
; opcode ; Output ; Info     ; Connected to dangling logic. Logic that only feeds a dangling port will be removed. ;
+--------+--------+----------+-------------------------------------------------------------------------------------+


+-----------------------------------------------------+
; Post-Synthesis Netlist Statistics for Top Partition ;
+-------------------+---------------------------------+
; Type              ; Count                           ;
+-------------------+---------------------------------+
; boundary_port     ; 2                               ;
;                   ;                                 ;
; Max LUT depth     ; 0.00                            ;
; Average LUT depth ; 0.00                            ;
+-------------------+---------------------------------+


+-------------------------------+
; Elapsed Time Per Partition    ;
+----------------+--------------+
; Partition Name ; Elapsed Time ;
+----------------+--------------+
; Top            ; 00:00:00     ;
+----------------+--------------+


+-------------------------------+
; Analysis & Synthesis Messages ;
+-------------------------------+
Info: *******************************************************************
Info: Running Quartus II 64-Bit Analysis & Synthesis
    Info: Version 15.0.0 Build 145 04/22/2015 SJ Web Edition
    Info: Processing started: Tue Jun 23 19:16:33 2015
Info: Command: quartus_map --read_settings_files=on --write_settings_files=off MipsMult -c MipsMult
Warning (20028): Parallel compilation is not licensed and has been disabled
Info (12021): Found 2 design units, including 1 entities, in source file BO.vhd
    Info (12022): Found design unit 1: BO-estrutural
    Info (12023): Found entity 1: BO
Info (12021): Found 2 design units, including 1 entities, in source file ALU.vhd
    Info (12022): Found design unit 1: ALU-behavioral
    Info (12023): Found entity 1: ALU
Info (12021): Found 2 design units, including 1 entities, in source file mux21.vhd
    Info (12022): Found design unit 1: Mux21-mux
    Info (12023): Found entity 1: Mux21
Info (12021): Found 2 design units, including 1 entities, in source file signalExtend.vhd
    Info (12022): Found design unit 1: signalExtend-behavioral
    Info (12023): Found entity 1: signalExtend
Info (12021): Found 2 design units, including 1 entities, in source file shiftLeft2.vhd
    Info (12022): Found design unit 1: shiftLeft2-behavioral
    Info (12023): Found entity 1: shiftLeft2
Info (12021): Found 2 design units, including 1 entities, in source file register_n_bits.vhd
    Info (12022): Found design unit 1: register_n_bits-Behavioral
    Info (12023): Found entity 1: register_n_bits
Info (12021): Found 2 design units, including 1 entities, in source file ALUcontrol.vhd
    Info (12022): Found design unit 1: ALUcontrol-behavioral
    Info (12023): Found entity 1: ALUcontrol
Info (12021): Found 2 design units, including 1 entities, in source file mux4x1nbits.vhd
    Info (12022): Found design unit 1: mux4x1nbits-Behavioral
    Info (12023): Found entity 1: mux4x1nbits
Info (12021): Found 2 design units, including 1 entities, in source file reg.vhd
    Info (12022): Found design unit 1: registrador-estrutura
    Info (12023): Found entity 1: registrador
Info (12021): Found 2 design units, including 1 entities, in source file mux2x1nbits.vhd
    Info (12022): Found design unit 1: mux2x1nbits-Behavioral
    Info (12023): Found entity 1: mux2x1nbits
Info (12021): Found 2 design units, including 1 entities, in source file MipsMult.vhd
    Info (12022): Found design unit 1: MipsMult-MipsM
    Info (12023): Found entity 1: MipsMult
Info (12021): Found 2 design units, including 1 entities, in source file memory_BRAM.vhd
    Info (12022): Found design unit 1: memory_bram-SYN
    Info (12023): Found entity 1: memory_BRAM
Info (12021): Found 2 design units, including 1 entities, in source file registerBank.vhd
    Info (12022): Found design unit 1: registerBank-behavioral
    Info (12023): Found entity 1: registerBank
Info (12021): Found 2 design units, including 1 entities, in source file adder_n_bits.vhd
    Info (12022): Found design unit 1: adder_n_bits-Behavioral
    Info (12023): Found entity 1: adder_n_bits
Info (12127): Elaborating entity "MipsMult" for the top level hierarchy
Warning (10036): Verilog HDL or VHDL warning at MipsMult.vhd(21): object "opcode" assigned a value but never read
Warning (10541): VHDL Signal Declaration warning at MipsMult.vhd(22): used implicit default value for signal "PCEscCond" because signal was never assigned a value or an explicit default value. Use of implicit default value may introduce unintended design optimizations.
Warning (10541): VHDL Signal Declaration warning at MipsMult.vhd(22): used implicit default value for signal "PCEsc" because signal was never assigned a value or an explicit default value. Use of implicit default value may introduce unintended design optimizations.
Warning (10541): VHDL Signal Declaration warning at MipsMult.vhd(22): used implicit default value for signal "IouD" because signal was never assigned a value or an explicit default value. Use of implicit default value may introduce unintended design optimizations.
Warning (10541): VHDL Signal Declaration warning at MipsMult.vhd(22): used implicit default value for signal "LerMem" because signal was never assigned a value or an explicit default value. Use of implicit default value may introduce unintended design optimizations.
Warning (10541): VHDL Signal Declaration warning at MipsMult.vhd(22): used implicit default value for signal "EscMem" because signal was never assigned a value or an explicit default value. Use of implicit default value may introduce unintended design optimizations.
Warning (10541): VHDL Signal Declaration warning at MipsMult.vhd(22): used implicit default value for signal "MemParaReg" because signal was never assigned a value or an explicit default value. Use of implicit default value may introduce unintended design optimizations.
Warning (10541): VHDL Signal Declaration warning at MipsMult.vhd(22): used implicit default value for signal "IREsc" because signal was never assigned a value or an explicit default value. Use of implicit default value may introduce unintended design optimizations.
Warning (10541): VHDL Signal Declaration warning at MipsMult.vhd(22): used implicit default value for signal "RegDst" because signal was never assigned a value or an explicit default value. Use of implicit default value may introduce unintended design optimizations.
Warning (10541): VHDL Signal Declaration warning at MipsMult.vhd(22): used implicit default value for signal "EscReg" because signal was never assigned a value or an explicit default value. Use of implicit default value may introduce unintended design optimizations.
Warning (10541): VHDL Signal Declaration warning at MipsMult.vhd(22): used implicit default value for signal "ULAFonteA" because signal was never assigned a value or an explicit default value. Use of implicit default value may introduce unintended design optimizations.
Warning (10541): VHDL Signal Declaration warning at MipsMult.vhd(25): used implicit default value for signal "ULAFonteB" because signal was never assigned a value or an explicit default value. Use of implicit default value may introduce unintended design optimizations.
Warning (10541): VHDL Signal Declaration warning at MipsMult.vhd(25): used implicit default value for signal "ULAOp" because signal was never assigned a value or an explicit default value. Use of implicit default value may introduce unintended design optimizations.
Warning (10541): VHDL Signal Declaration warning at MipsMult.vhd(25): used implicit default value for signal "FontePC" because signal was never assigned a value or an explicit default value. Use of implicit default value may introduce unintended design optimizations.
Info (12128): Elaborating entity "BO" for hierarchy "BO:Bop"
Warning (10541): VHDL Signal Declaration warning at BO.vhd(7): used implicit default value for signal "opcode" because signal was never assigned a value or an explicit default value. Use of implicit default value may introduce unintended design optimizations.
Warning (10541): VHDL Signal Declaration warning at BO.vhd(45): used implicit default value for signal "or2pc" because signal was never assigned a value or an explicit default value. Use of implicit default value may introduce unintended design optimizations.
Warning (10541): VHDL Signal Declaration warning at BO.vhd(46): used implicit default value for signal "mux2pc" because signal was never assigned a value or an explicit default value. Use of implicit default value may introduce unintended design optimizations.
Warning (10541): VHDL Signal Declaration warning at BO.vhd(46): used implicit default value for signal "ulaout" because signal was never assigned a value or an explicit default value. Use of implicit default value may introduce unintended design optimizations.
Warning (10541): VHDL Signal Declaration warning at BO.vhd(46): used implicit default value for signal "regBout" because signal was never assigned a value or an explicit default value. Use of implicit default value may introduce unintended design optimizations.
Warning (10036): Verilog HDL or VHDL warning at BO.vhd(47): object "muxDadoEscOut" assigned a value but never read
Warning (10036): Verilog HDL or VHDL warning at BO.vhd(48): object "muxRegEscOut" assigned a value but never read
Info (12128): Elaborating entity "register_n_bits" for hierarchy "BO:Bop|register_n_bits:PC"
Info (12128): Elaborating entity "mux2x1nbits" for hierarchy "BO:Bop|mux2x1nbits:MuxMem"
Info (12128): Elaborating entity "memory_BRAM" for hierarchy "BO:Bop|memory_BRAM:Memoria"
Info (12128): Elaborating entity "altsyncram" for hierarchy "BO:Bop|memory_BRAM:Memoria|altsyncram:altsyncram_component"
Info (12130): Elaborated megafunction instantiation "BO:Bop|memory_BRAM:Memoria|altsyncram:altsyncram_component"
Info (12133): Instantiated megafunction "BO:Bop|memory_BRAM:Memoria|altsyncram:altsyncram_component" with the following parameter:
    Info (12134): Parameter "clock_enable_input_a" = "BYPASS"
    Info (12134): Parameter "clock_enable_output_a" = "BYPASS"
    Info (12134): Parameter "init_file" = "memory_BRAM.hex"
    Info (12134): Parameter "intended_device_family" = "Cyclone II"
    Info (12134): Parameter "lpm_hint" = "ENABLE_RUNTIME_MOD=NO"
    Info (12134): Parameter "lpm_type" = "altsyncram"
    Info (12134): Parameter "numwords_a" = "256"
    Info (12134): Parameter "operation_mode" = "SINGLE_PORT"
    Info (12134): Parameter "outdata_aclr_a" = "NONE"
    Info (12134): Parameter "outdata_reg_a" = "UNREGISTERED"
    Info (12134): Parameter "power_up_uninitialized" = "FALSE"
    Info (12134): Parameter "widthad_a" = "8"
    Info (12134): Parameter "width_a" = "32"
    Info (12134): Parameter "width_byteena_a" = "1"
Info (12021): Found 1 design units, including 1 entities, in source file db/altsyncram_0rj1.tdf
    Info (12023): Found entity 1: altsyncram_0rj1
Info (12128): Elaborating entity "altsyncram_0rj1" for hierarchy "BO:Bop|memory_BRAM:Memoria|altsyncram:altsyncram_component|altsyncram_0rj1:auto_generated"
Info (12128): Elaborating entity "mux2x1nbits" for hierarchy "BO:Bop|mux2x1nbits:MuxRegEsc"
Warning (14284): Synthesized away the following node(s):
    Warning (14285): Synthesized away the following RAM node(s):
        Warning (14320): Synthesized away node "BO:Bop|memory_BRAM:Memoria|altsyncram:altsyncram_component|altsyncram_0rj1:auto_generated|q_a[0]"
        Warning (14320): Synthesized away node "BO:Bop|memory_BRAM:Memoria|altsyncram:altsyncram_component|altsyncram_0rj1:auto_generated|q_a[1]"
        Warning (14320): Synthesized away node "BO:Bop|memory_BRAM:Memoria|altsyncram:altsyncram_component|altsyncram_0rj1:auto_generated|q_a[2]"
        Warning (14320): Synthesized away node "BO:Bop|memory_BRAM:Memoria|altsyncram:altsyncram_component|altsyncram_0rj1:auto_generated|q_a[3]"
        Warning (14320): Synthesized away node "BO:Bop|memory_BRAM:Memoria|altsyncram:altsyncram_component|altsyncram_0rj1:auto_generated|q_a[4]"
        Warning (14320): Synthesized away node "BO:Bop|memory_BRAM:Memoria|altsyncram:altsyncram_component|altsyncram_0rj1:auto_generated|q_a[5]"
        Warning (14320): Synthesized away node "BO:Bop|memory_BRAM:Memoria|altsyncram:altsyncram_component|altsyncram_0rj1:auto_generated|q_a[6]"
        Warning (14320): Synthesized away node "BO:Bop|memory_BRAM:Memoria|altsyncram:altsyncram_component|altsyncram_0rj1:auto_generated|q_a[7]"
        Warning (14320): Synthesized away node "BO:Bop|memory_BRAM:Memoria|altsyncram:altsyncram_component|altsyncram_0rj1:auto_generated|q_a[8]"
        Warning (14320): Synthesized away node "BO:Bop|memory_BRAM:Memoria|altsyncram:altsyncram_component|altsyncram_0rj1:auto_generated|q_a[9]"
        Warning (14320): Synthesized away node "BO:Bop|memory_BRAM:Memoria|altsyncram:altsyncram_component|altsyncram_0rj1:auto_generated|q_a[10]"
        Warning (14320): Synthesized away node "BO:Bop|memory_BRAM:Memoria|altsyncram:altsyncram_component|altsyncram_0rj1:auto_generated|q_a[11]"
        Warning (14320): Synthesized away node "BO:Bop|memory_BRAM:Memoria|altsyncram:altsyncram_component|altsyncram_0rj1:auto_generated|q_a[12]"
        Warning (14320): Synthesized away node "BO:Bop|memory_BRAM:Memoria|altsyncram:altsyncram_component|altsyncram_0rj1:auto_generated|q_a[13]"
        Warning (14320): Synthesized away node "BO:Bop|memory_BRAM:Memoria|altsyncram:altsyncram_component|altsyncram_0rj1:auto_generated|q_a[14]"
        Warning (14320): Synthesized away node "BO:Bop|memory_BRAM:Memoria|altsyncram:altsyncram_component|altsyncram_0rj1:auto_generated|q_a[15]"
        Warning (14320): Synthesized away node "BO:Bop|memory_BRAM:Memoria|altsyncram:altsyncram_component|altsyncram_0rj1:auto_generated|q_a[16]"
        Warning (14320): Synthesized away node "BO:Bop|memory_BRAM:Memoria|altsyncram:altsyncram_component|altsyncram_0rj1:auto_generated|q_a[17]"
        Warning (14320): Synthesized away node "BO:Bop|memory_BRAM:Memoria|altsyncram:altsyncram_component|altsyncram_0rj1:auto_generated|q_a[18]"
        Warning (14320): Synthesized away node "BO:Bop|memory_BRAM:Memoria|altsyncram:altsyncram_component|altsyncram_0rj1:auto_generated|q_a[19]"
        Warning (14320): Synthesized away node "BO:Bop|memory_BRAM:Memoria|altsyncram:altsyncram_component|altsyncram_0rj1:auto_generated|q_a[20]"
        Warning (14320): Synthesized away node "BO:Bop|memory_BRAM:Memoria|altsyncram:altsyncram_component|altsyncram_0rj1:auto_generated|q_a[21]"
        Warning (14320): Synthesized away node "BO:Bop|memory_BRAM:Memoria|altsyncram:altsyncram_component|altsyncram_0rj1:auto_generated|q_a[22]"
        Warning (14320): Synthesized away node "BO:Bop|memory_BRAM:Memoria|altsyncram:altsyncram_component|altsyncram_0rj1:auto_generated|q_a[23]"
        Warning (14320): Synthesized away node "BO:Bop|memory_BRAM:Memoria|altsyncram:altsyncram_component|altsyncram_0rj1:auto_generated|q_a[24]"
        Warning (14320): Synthesized away node "BO:Bop|memory_BRAM:Memoria|altsyncram:altsyncram_component|altsyncram_0rj1:auto_generated|q_a[25]"
        Warning (14320): Synthesized away node "BO:Bop|memory_BRAM:Memoria|altsyncram:altsyncram_component|altsyncram_0rj1:auto_generated|q_a[26]"
        Warning (14320): Synthesized away node "BO:Bop|memory_BRAM:Memoria|altsyncram:altsyncram_component|altsyncram_0rj1:auto_generated|q_a[27]"
        Warning (14320): Synthesized away node "BO:Bop|memory_BRAM:Memoria|altsyncram:altsyncram_component|altsyncram_0rj1:auto_generated|q_a[28]"
        Warning (14320): Synthesized away node "BO:Bop|memory_BRAM:Memoria|altsyncram:altsyncram_component|altsyncram_0rj1:auto_generated|q_a[29]"
        Warning (14320): Synthesized away node "BO:Bop|memory_BRAM:Memoria|altsyncram:altsyncram_component|altsyncram_0rj1:auto_generated|q_a[30]"
        Warning (14320): Synthesized away node "BO:Bop|memory_BRAM:Memoria|altsyncram:altsyncram_component|altsyncram_0rj1:auto_generated|q_a[31]"
Info (17049): 8 registers lost all their fanouts during netlist optimizations.
Info (16010): Generating hard_block partition "hard_block:auto_generated_inst"
    Info (16011): Adding 0 node(s), including 0 DDIO, 0 PLL, 0 transceiver and 0 LCELL
Warning (21074): Design contains 2 input pin(s) that do not drive logic
    Warning (15610): No output dependent on input pin "clock"
    Warning (15610): No output dependent on input pin "reset"
Info (21057): Implemented 2 device resources after synthesis - the final resource count might be different
    Info (21058): Implemented 2 input pins
    Info (21059): Implemented 0 output pins
Info: Quartus II 64-Bit Analysis & Synthesis was successful. 0 errors, 59 warnings
    Info: Peak virtual memory: 1102 megabytes
    Info: Processing ended: Tue Jun 23 19:16:51 2015
    Info: Elapsed time: 00:00:18
    Info: Total CPU time (on all processors): 00:00:26


